test/suite/even-sequence.coroutine.revcon:
[store]
  main: Ã˜
  seq: [10, 8, 6, 4, 2]

[stack]
[spawn main main begin () | resume main (seq) | despawn main main end ()] <|> []

