test/suite/function.coroutine.revcon:
[store]
  main: Ã˜
  x: 25

[stack]
[spawn main main begin () | resume main (x) | despawn main main end ()] <|> []

