test/suite/infinte-fib.coroutine.revcon:
[store]
  main: Ã˜
  pairs: [[89, 144], [55, 89], [34, 55], [21, 34], [13, 21], [8, 13], [5, 8], [3, 5], [2, 3], [1, 2]]

[stack]
[spawn main main begin () | resume main (pairs) | despawn main main end ()] <|> []

