test/suite/list-indexing.coroutine.revcon:
[store]
  main: Ã˜
  x: 12

[stack]
[spawn main main begin () | resume main (x) | despawn main main end ()] <|> []

