The variable y was referenced multiple times as args at (10,3).
