The variable x was referenced multiple times as args at (5,3).
