Multiple coroutines named main was found.
Only one main must be defined.
