The variable y was referenced multiple times as args at (7,3).
