No language variant found. Start your programs with the form:
@<variant>
