The local store of @nonEmptyLocalState was expected to be empty, but has the following non-empty entries:
  a: 5
