The local store of main was expected to be empty, but has the following non-empty entries:
  a: 100
