test/suite/pass-coroutines.coroutine.revcon:
[store]
  a: 100
  main: Ã˜

[stack]
[spawn main main begin () | resume main (a) | despawn main main end ()] <|> []

