test/suite/producer-consumer.coroutine.revcon:
[store]
  main: Ã˜
  sum: 55

[stack]
[spawn main main begin () | resume main (sum) | despawn main main end ()] <|> []

