test/suite/queue.coroutine.revcon:
[store]
  main: Ã˜
  q: [>-13>]

[stack]
[spawn main main begin () | resume main (q) | despawn main main end ()] <|> []

