The variable a has been self-referenced in the statement: 'a += a'
