test/suite/sequence.coroutine.revcon:
[store]
  a: 10
  main: Ã˜

[stack]
[spawn main main begin () | resume main (a) | despawn main main end ()] <|> []

