test/suite/workers.coroutine.revcon:
[store]
  main: Ã˜
  ws: [worker (), worker ()]

[stack]
[spawn main main begin () | resume main (ws) | despawn main main end ()] <|> []

