An attempt to destructively make a zero division in a /= 0.
