An attempt to destructively make a zero multiplication in a *= 0.
